// Jest Snapshot v1, https://goo.gl/fbAQLP

exports[`Controls component.History actions and show current Controls snapshot 1`] = `
<styled.div>
  <button
    name="go-back"
    onClick={[Function]}
  >
    Step Back
  </button>
  <span />
  <button
    name="go-forward"
    onClick={[Function]}
  >
    Step Forward
  </button>
</styled.div>
`;
